Partial/Required:  3.21, Required:    400.0, Partial:  1282.67, Net: _04511_, Pin: _28373_/A0, Layer: met1
Partial/Required:  2.62, Required:    400.0, Partial:  1047.22, Net: u_cpu.pcpi_rs2\[21\], Pin: _24009_/A1, Layer: met1
Partial/Required:  2.19, Required:    400.0, Partial:   876.56, Net: _11352_, Pin: _26249_/A1, Layer: met1
Partial/Required:  1.99, Required:    400.0, Partial:   797.89, Net: _11458_, Pin: _26631_/A0, Layer: met1
Partial/Required:  1.94, Required:    400.0, Partial:   777.22, Net: _06242_, Pin: _30225_/A1, Layer: met1
Partial/Required:  1.69, Required:    400.0, Partial:   677.52, Net: _09845_, Pin: _24846_/A, Layer: met3
Partial/Required:  1.69, Required:    400.0, Partial:   677.52, Net: _09845_, Pin: _24909_/A, Layer: met3
Partial/Required:  1.67, Required:    400.0, Partial:   667.25, Net: _14850_, Pin: _16980_/B1, Layer: met1
Partial/Required:  1.63, Required:    400.0, Partial:   650.33, Net: _08010_, Pin: _23797_/A0, Layer: met1
Partial/Required:  1.61, Required:    400.0, Partial:   644.44, Net: _04497_, Pin: _28507_/A0, Layer: met1
Partial/Required:  1.57, Required:    400.0, Partial:   626.89, Net: _10938_, Pin: _25593_/A0, Layer: met1
Partial/Required:  1.51, Required:    400.0, Partial:   605.06, Net: cpu_mem_addr\[6\], Pin: _17691_/A0, Layer: met2
Partial/Required:  1.42, Required:    400.0, Partial:   567.78, Net: _06252_, Pin: _29730_/A1, Layer: met1
Partial/Required:  1.36, Required:    400.0, Partial:   545.89, Net: _04499_, Pin: _17124_/A1, Layer: met1
Partial/Required:  1.34, Required:    400.0, Partial:   536.11, Net: _06255_, Pin: _29732_/A1, Layer: met1
Partial/Required:  1.34, Required:    400.0, Partial:   535.44, Net: _04501_, Pin: _29881_/A0, Layer: met1
Partial/Required:  1.31, Required:    400.0, Partial:   525.33, Net: _06234_, Pin: _24184_/A1, Layer: met1
Partial/Required:  1.30, Required:    400.0, Partial:    519.1, Net: _13841_, Pin: _16116_/A, Layer: met1
Partial/Required:  1.29, Required:    400.0, Partial:   517.11, Net: _10944_, Pin: _25755_/A0, Layer: met1
Partial/Required:  1.29, Required:    400.0, Partial:    517.0, Net: cpu_mem_rdata\[12\], Pin: _23070_/A0, Layer: met1
Partial/Required:  1.27, Required:    400.0, Partial:   509.06, Net: _07782_, Pin: _21368_/A1, Layer: met2
Partial/Required:  1.26, Required:    400.0, Partial:   505.44, Net: _05124_, Pin: _18086_/A, Layer: met1
Partial/Required:  1.25, Required:    400.0, Partial:   501.89, Net: _08004_, Pin: _23791_/A0, Layer: met1
Partial/Required:  1.24, Required:    400.0, Partial:   495.56, Net: _04513_, Pin: _29630_/A0, Layer: met1
Partial/Required:  1.22, Required:    400.0, Partial:   487.77, Net: _14840_, Pin: _16975_/B1, Layer: met1
Partial/Required:  1.22, Required:    400.0, Partial:   487.56, Net: _10975_, Pin: _25732_/A0, Layer: met1
Partial/Required:  1.21, Required:    400.0, Partial:   482.33, Net: _10946_, Pin: _25601_/A0, Layer: met1
Partial/Required:  1.20, Required:    400.0, Partial:   479.56, Net: _13557_, Pin: _15189_/B, Layer: met1
Partial/Required:  1.18, Required:    400.0, Partial:   472.27, Net: _13943_, Pin: _16158_/A, Layer: met1
Partial/Required:  1.16, Required:    400.0, Partial:   465.91, Net: _09932_, Pin: _24610_/A1, Layer: met3
Partial/Required:  1.15, Required:    400.0, Partial:   461.35, Net: _13896_, Pin: _16162_/A, Layer: met1
Partial/Required:  1.15, Required:    400.0, Partial:   459.89, Net: _04499_, Pin: _29883_/A0, Layer: met1
Partial/Required:  1.13, Required:    400.0, Partial:   452.11, Net: _07854_, Pin: _21462_/A1, Layer: met1
Partial/Required:  1.13, Required:    400.0, Partial:   451.22, Net: u_cpu.pcpi_rs2\[17\], Pin: _23996_/A1, Layer: met1
Partial/Required:  1.12, Required:    400.0, Partial:   447.33, Net: _04976_, Pin: _17855_/A1_N, Layer: met1
Partial/Required:  1.09, Required:    400.0, Partial:   434.89, Net: u_cpu.reg_next_pc\[10\], Pin: _21375_/A1, Layer: met1
Partial/Required:  1.09, Required:    400.0, Partial:   434.14, Net: _13782_, Pin: _15663_/B1, Layer: met1
Partial/Required:  1.09, Required:    400.0, Partial:   434.03, Net: u_cpu.pcpi_rs2\[25\], Pin: _24021_/A1, Layer: met1
Partial/Required:  1.08, Required:    400.0, Partial:    432.0, Net: cpu_mem_addr\[5\], Pin: _17512_/A1, Layer: met1
Partial/Required:  1.08, Required:    400.0, Partial:   431.67, Net: _11348_, Pin: _28929_/A1, Layer: met1
Partial/Required:  1.08, Required:    400.0, Partial:   431.11, Net: u_cpu.decoded_imm_j\[15\], Pin: _21840_/A0, Layer: met1
Partial/Required:  1.07, Required:    400.0, Partial:   428.78, Net: _11462_, Pin: _26583_/A0, Layer: met1
Partial/Required:  1.07, Required:    400.0, Partial:   426.22, Net: _04507_, Pin: _29636_/A0, Layer: met1
Partial/Required:  1.07, Required:    400.0, Partial:   426.22, Net: _04507_, Pin: _28377_/A0, Layer: met1
Partial/Required:  1.04, Required:    400.0, Partial:   415.67, Net: _04478_, Pin: _28594_/A0, Layer: met1
Partial/Required:  1.03, Required:    400.0, Partial:   413.16, Net: _13914_, Pin: _16180_/A, Layer: met1
Partial/Required:  1.03, Required:    400.0, Partial:   411.89, Net: _06239_, Pin: _29653_/A1, Layer: met1
Partial/Required:  1.03, Required:    400.0, Partial:   411.56, Net: _04492_, Pin: _28273_/A0, Layer: met1
Partial/Required:  1.03, Required:    400.0, Partial:   410.11, Net: _10977_, Pin: _25734_/A0, Layer: met1
Partial/Required:  1.01, Required:    400.0, Partial:   405.11, Net: _04522_, Pin: _29622_/A0, Layer: met1
Partial/Required:  1.00, Required:    400.0, Partial:   400.11, Net: _04507_, Pin: _29466_/A0, Layer: met1
